// Jest Snapshot v1, https://goo.gl/fbAQLP

exports[`ğŸ”¹ Button Component Test âœ… Snapshot í…ŒìŠ¤íŠ¸ 1`] = `
<button
  data-testid="custom-button"
>
  ìŠ¤ëƒ…ìƒ· í…ŒìŠ¤íŠ¸
</button>
`;
